Analyzing partnest...                                           

   info - 'background' is deprecated and shouldn't be used. Use surface instead. This feature was deprecated after v3.18.0-0.1.pre - lib\core\theme\app_theme.dart:15:9 - deprecated_member_use
   info - 'MaterialStateProperty' is deprecated and shouldn't be used. Use WidgetStateProperty instead. Moved to the Widgets layer to make code available outside of Material. This feature was deprecated after v3.19.0-0.3.pre - lib\core\theme\widgets\custom_button.dart:50:30 - deprecated_member_use
   info - 'MaterialState' is deprecated and shouldn't be used. Use WidgetState instead. Moved to the Widgets layer to make code available outside of Material. This feature was deprecated after v3.19.0-0.3.pre - lib\core\theme\widgets\custom_button.dart:51:19 - deprecated_member_use
   info - 'MaterialState' is deprecated and shouldn't be used. Use WidgetState instead. Moved to the Widgets layer to make code available outside of Material. This feature was deprecated after v3.19.0-0.3.pre - lib\core\theme\widgets\custom_button.dart:53:35 - deprecated_member_use
   info - 'MaterialState' is deprecated and shouldn't be used. Use WidgetState instead. Moved to the Widgets layer to make code available outside of Material. This feature was deprecated after v3.19.0-0.3.pre - lib\core\theme\widgets\custom_button.dart:56:35 - deprecated_member_use
   info - 'MaterialState' is deprecated and shouldn't be used. Use WidgetState instead. Moved to the Widgets layer to make code available outside of Material. This feature was deprecated after v3.19.0-0.3.pre - lib\core\theme\widgets\custom_button.dart:59:35 - deprecated_member_use
   info - 'MaterialStateProperty' is deprecated and shouldn't be used. Use WidgetStateProperty instead. Moved to the Widgets layer to make code available outside of Material. This feature was deprecated after v3.19.0-0.3.pre - lib\core\theme\widgets\custom_button.dart:96:30 - deprecated_member_use
   info - 'MaterialState' is deprecated and shouldn't be used. Use WidgetState instead. Moved to the Widgets layer to make code available outside of Material. This feature was deprecated after v3.19.0-0.3.pre - lib\core\theme\widgets\custom_button.dart:97:19 - deprecated_member_use
   info - 'MaterialState' is deprecated and shouldn't be used. Use WidgetState instead. Moved to the Widgets layer to make code available outside of Material. This feature was deprecated after v3.19.0-0.3.pre - lib\core\theme\widgets\custom_button.dart:99:35 - deprecated_member_use
   info - 'MaterialStateProperty' is deprecated and shouldn't be used. Use WidgetStateProperty instead. Moved to the Widgets layer to make code available outside of Material. This feature was deprecated after v3.19.0-0.3.pre - lib\core\theme\widgets\custom_button.dart:135:30 - deprecated_member_use
   info - 'MaterialState' is deprecated and shouldn't be used. Use WidgetState instead. Moved to the Widgets layer to make code available outside of Material. This feature was deprecated after v3.19.0-0.3.pre - lib\core\theme\widgets\custom_button.dart:136:19 - deprecated_member_use
   info - 'MaterialState' is deprecated and shouldn't be used. Use WidgetState instead. Moved to the Widgets layer to make code available outside of Material. This feature was deprecated after v3.19.0-0.3.pre - lib\core\theme\widgets\custom_button.dart:138:35 - deprecated_member_use
   info - 'MaterialStateProperty' is deprecated and shouldn't be used. Use WidgetStateProperty instead. Moved to the Widgets layer to make code available outside of Material. This feature was deprecated after v3.19.0-0.3.pre - lib\core\theme\widgets\custom_button.dart:175:30 - deprecated_member_use
   info - 'MaterialState' is deprecated and shouldn't be used. Use WidgetState instead. Moved to the Widgets layer to make code available outside of Material. This feature was deprecated after v3.19.0-0.3.pre - lib\core\theme\widgets\custom_button.dart:176:19 - deprecated_member_use
   info - 'MaterialState' is deprecated and shouldn't be used. Use WidgetState instead. Moved to the Widgets layer to make code available outside of Material. This feature was deprecated after v3.19.0-0.3.pre - lib\core\theme\widgets\custom_button.dart:178:35 - deprecated_member_use
   info - 'MaterialState' is deprecated and shouldn't be used. Use WidgetState instead. Moved to the Widgets layer to make code available outside of Material. This feature was deprecated after v3.19.0-0.3.pre - lib\core\theme\widgets\custom_button.dart:181:35 - deprecated_member_use
   info - 'value' is deprecated and shouldn't be used. Use initialValue instead. This will set the initial value for the form field. This feature was deprecated after v3.33.0-1.0.pre - lib\core\theme\widgets\custom_dropdown_field.dart:32:11 - deprecated_member_use
   info - 'withOpacity' is deprecated and shouldn't be used. Use .withValues() to avoid precision loss - lib\core\theme\widgets\custom_yes_no_field.dart:68:37 - deprecated_member_use
   info - Statements in an if should be enclosed in a block - lib\features\auth\presentation\pages\onboarding\business_profile_page.dart:119:29 - curly_braces_in_flow_control_structures
   info - Statements in an if should be enclosed in a block - lib\features\auth\presentation\pages\onboarding\business_profile_page.dart:143:29 - curly_braces_in_flow_control_structures
   info - Statements in an if should be enclosed in a block - lib\features\auth\presentation\pages\onboarding\business_profile_page.dart:157:29 - curly_braces_in_flow_control_structures
   info - Statements in an if should be enclosed in a block - lib\features\auth\presentation\pages\onboarding\business_profile_page.dart:171:29 - curly_braces_in_flow_control_structures
  error - The named parameter 'dashPattern' isn't defined - lib\features\auth\presentation\pages\onboarding\csv_upload_page.dart:88:19 - undefined_named_parameter
  error - The named parameter 'borderType' isn't defined - lib\features\auth\presentation\pages\onboarding\csv_upload_page.dart:89:19 - undefined_named_parameter
  error - Undefined name 'BorderType' - lib\features\auth\presentation\pages\onboarding\csv_upload_page.dart:89:31 - undefined_identifier
  error - The named parameter 'radius' isn't defined - lib\features\auth\presentation\pages\onboarding\csv_upload_page.dart:90:19 - undefined_named_parameter
   info - 'withOpacity' is deprecated and shouldn't be used. Use .withValues() to avoid precision loss - lib\features\auth\presentation\pages\onboarding\csv_upload_page.dart:174:51 - deprecated_member_use
   info - 'withOpacity' is deprecated and shouldn't be used. Use .withValues() to avoid precision loss - lib\features\auth\presentation\pages\onboarding\csv_upload_page.dart:177:53 - deprecated_member_use
   info - 'withOpacity' is deprecated and shouldn't be used. Use .withValues() to avoid precision loss - lib\features\auth\presentation\pages\onboarding\csv_upload_page.dart:205:48 - deprecated_member_use
   info - 'withOpacity' is deprecated and shouldn't be used. Use .withValues() to avoid precision loss - lib\features\auth\presentation\pages\onboarding\csv_upload_page.dart:208:50 - deprecated_member_use
   info - 'MaterialStateProperty' is deprecated and shouldn't be used. Use WidgetStateProperty instead. Moved to the Widgets layer to make code available outside of Material. This feature was deprecated after v3.19.0-0.3.pre - lib\features\auth\presentation\pages\onboarding\csv_upload_page.dart:274:41 - deprecated_member_use
   info - 'MaterialState' is deprecated and shouldn't be used. Use WidgetState instead. Moved to the Widgets layer to make code available outside of Material. This feature was deprecated after v3.19.0-0.3.pre - lib\features\auth\presentation\pages\onboarding\csv_upload_page.dart:276:48 - deprecated_member_use
   info - Statements in an if should be enclosed in a block - lib\features\auth\presentation\pages\onboarding\liabilities_history_page.dart:79:7 - curly_braces_in_flow_control_structures
   info - Statements in an if should be enclosed in a block - lib\features\auth\presentation\pages\onboarding\liabilities_history_page.dart:192:29 - curly_braces_in_flow_control_structures
   info - Statements in an if should be enclosed in a block - lib\features\auth\presentation\pages\onboarding\liabilities_history_page.dart:251:37 - curly_braces_in_flow_control_structures
   info - Statements in an if should be enclosed in a block - lib\features\auth\presentation\pages\onboarding\liabilities_history_page.dart:254:37 - curly_braces_in_flow_control_structures
   info - Statements in an if should be enclosed in a block - lib\features\auth\presentation\pages\onboarding\liabilities_history_page.dart:282:37 - curly_braces_in_flow_control_structures
   info - Statements in an if should be enclosed in a block - lib\features\auth\presentation\pages\onboarding\liabilities_history_page.dart:285:37 - curly_braces_in_flow_control_structures
   info - Statements in an if should be enclosed in a block - lib\features\auth\presentation\pages\onboarding\liabilities_history_page.dart:328:33 - curly_braces_in_flow_control_structures
   info - Statements in an if should be enclosed in a block - lib\features\auth\presentation\pages\onboarding\revenue_expenses_page.dart:135:29 - curly_braces_in_flow_control_structures
   info - Statements in an if should be enclosed in a block - lib\features\auth\presentation\pages\onboarding\revenue_expenses_page.dart:150:29 - curly_braces_in_flow_control_structures
   info - Statements in an if should be enclosed in a block - lib\features\auth\presentation\pages\onboarding\revenue_expenses_page.dart:165:31 - curly_braces_in_flow_control_structures
   info - Statements in an if should be enclosed in a block - lib\features\auth\presentation\pages\onboarding\revenue_expenses_page.dart:196:29 - curly_braces_in_flow_control_structures
   info - Statements in an if should be enclosed in a block - lib\features\auth\presentation\pages\onboarding\revenue_expenses_page.dart:212:29 - curly_braces_in_flow_control_structures
   info - 'withOpacity' is deprecated and shouldn't be used. Use .withValues() to avoid precision loss - lib\features\auth\presentation\pages\onboarding\success_next_steps_page.dart:52:46 - deprecated_member_use
   info - 'withOpacity' is deprecated and shouldn't be used. Use .withValues() to avoid precision loss - lib\features\auth\presentation\pages\onboarding\success_next_steps_page.dart:54:49 - deprecated_member_use
   info - 'withOpacity' is deprecated and shouldn't be used. Use .withValues() to avoid precision loss - lib\features\auth\presentation\pages\onboarding\welcome_role_selection_page.dart:192:45 - deprecated_member_use

