00:00 +0: loading C:/Users/HP/Videos/partnest/test/widget_test.dart
00:00 +0 -1: loading C:/Users/HP/Videos/partnest/test/widget_test.dart [E]
  Failed to load "C:/Users/HP/Videos/partnest/test/widget_test.dart":
  Compilation failed for testPath=C:/Users/HP/Videos/partnest/test/widget_test.dart: lib/features/auth/presentation/pages/dashboard/analysis_state_page.dart:627:11: Error: No named parameter with the name 'fontWeight'.
            fontWeight: fontWeight,
            ^^^^^^^^^^
  lib/features/auth/presentation/pages/dashboard/analysis_state_page.dart:543:3: Context: Found this candidate, but the arguments don't match.
    _NumberStreamData({
    ^^^^^^^^^^^^^^^^^
  lib/features/auth/presentation/pages/dashboard/analysis_state_page.dart:748:45: Error: The getter 'fontWeight' isn't defined for the type '_NumberStreamData'.
   - '_NumberStreamData' is from 'package:partnex/features/auth/presentation/pages/dashboard/analysis_state_page.dart' ('lib/features/auth/presentation/pages/dashboard/analysis_state_page.dart').
  Try correcting the name to the name of an existing getter, or defining a getter or field named 'fontWeight'.
                      fontWeight: widget.data.fontWeight,
                                              ^^^^^^^^^^
  .
00:00 +0 -1: Some tests failed.
